// Jest Snapshot v1, https://goo.gl/fbAQLP

exports[`renders Footer module 1`] = `
<div>
  <div
    class="relative bg-slate-400 w-screen dark max-w-full"
  >
    <div
      class=" flex border-box justify-around w-full py-24 "
    >
      <div
        class="w-full max-w-7xl px-4 xl:px-0"
      >
        <div
          class=" grid  gap-12  p-2 gap-12 xl:gap-40"
        >
          <div
            class=" grid  gap-12  p-2 xl:grid-cols-4 items-start"
          >
            <div
              class=" grid  gap-4  p-2 "
            >
              <a>
                children
              </a>
            </div>
            <div
              class=" grid  gap-12  p-2 grid-cols-2 xl:grid-cols-3 xl:col-span-3 items-start"
            >
              <div
                class=" grid  gap-2  p-2 "
              >
                <p
                  class=" text-night-black dark:text-max-white font-body font-body text-base font-bold"
                >
                  Test Title
                </p>
                <hr
                  class="w-full h-0 border-0 border-t-[1px] border-night-black-300 dark:border-max-white max-w-[200px]"
                />
                <ul
                  class="flex flex-col"
                >
                  <li
                    class="inline mt-0 md:mt-2 ml-0"
                  >
                    <a>
                      children
                    </a>
                  </li>
                  <li
                    class="inline mt-0 md:mt-2 ml-0"
                  >
                    <a>
                      children
                    </a>
                  </li>
                </ul>
              </div>
              <div
                class=" grid  gap-2  p-2 "
              >
                <p
                  class=" text-night-black dark:text-max-white font-body font-body text-base font-bold"
                >
                  Test Title 2
                </p>
                <hr
                  class="w-full h-0 border-0 border-t-[1px] border-night-black-300 dark:border-max-white max-w-[200px]"
                />
                <ul
                  class="flex flex-col"
                >
                  <li
                    class="inline mt-0 md:mt-2 ml-0"
                  >
                    <a>
                      children
                    </a>
                  </li>
                  <li
                    class="inline mt-0 md:mt-2 ml-0"
                  >
                    <a>
                      children
                    </a>
                  </li>
                </ul>
              </div>
            </div>
          </div>
          <div
            class=" grid  gap-12  p-2 "
          >
            <hr
              class="w-full h-0 border-0 border-t-[1px] border-night-black-300 dark:border-max-white "
            />
            <div>
              Test Disclaimer
            </div>
          </div>
        </div>
      </div>
    </div>
  </div>
</div>
`;
