// Jest Snapshot v1, https://goo.gl/fbAQLP

exports[`renders PostsLayout module 1`] = `
<div>
  <h1
    class="text-night-black dark:text-max-white font-headings font-semibold text-4xl sm:text-6xl "
  >
    Latest Posts
  </h1>
  <a>
    children
  </a>
  <div
    class=" grid  gap-4  p-2 justify-center"
  >
    <div
      class=" grid  gap-4  p-2 w-[90vw] max-w-[1100px]"
    >
      <hr
        class="w-full h-0 border-0 border-t-[1px] border-night-black-300 dark:border-max-white "
      />
    </div>
  </div>
  <div
    class=" grid  gap-4  p-2 justify-center sm:grid-cols-4"
  >
    <a>
      children
    </a>
  </div>
  <div
    class=" grid  gap-4  p-2 justify-center"
  >
    <div
      class=" grid  gap-4  p-2 w-[90vw] max-w-[1100px]"
    >
      <hr
        class="w-full h-0 border-0 border-t-[1px] border-night-black-300 dark:border-max-white "
      />
    </div>
  </div>
</div>
`;
