// Jest Snapshot v1, https://goo.gl/fbAQLP

exports[`renders an overlay wrapper 1`] = `
<DocumentFragment>
  <div
    class="flex border-box justify-around w-full py-24 "
  >
    <div
      class="w-full max-w-7xl px-4 xl:px-0"
    >
      <p>
        Some paragraph
      </p>
    </div>
  </div>
</DocumentFragment>
`;
