// Jest Snapshot v1, https://goo.gl/fbAQLP

exports[`renders a fade scroller 1`] = `
<DocumentFragment>
  <div
    class=" grid  gap-4  p-2 relative max-w-full"
  >
    <div
      class=" grid  gap-4  p-2 fade-scroller max-w-full overflow-x-auto overflow-y-hidden"
    >
      <p>
        Some paragraph
      </p>
    </div>
  </div>
</DocumentFragment>
`;
