// Jest Snapshot v1, https://goo.gl/fbAQLP

exports[`renders Reset Password Form module 1`] = `
<DocumentFragment>
  <form>
    <div
      class=" grid  gap-8  p-2 max-w-[300px]"
    >
      <div
        class="relative "
      >
        <label
          class="  pointer-events-none font-body duration-300 absolute block text-md font-light text-night-black dark:text-max-white top-0 left-0  "
          for="password"
        >
          New Password
        </label>
        <input
          class="  max-w-full w-full text-night-black dark:text-max-white font-body bg-transparent border-b-2 focus:outline-none border-night-black dark:border-max-white"
          name="password"
          type="password"
        />
      </div>
      <div
        class="relative "
      >
        <label
          class="  pointer-events-none font-body duration-300 absolute block text-md font-light text-night-black dark:text-max-white top-0 left-0  "
          for="passwordConfirmation"
        >
          Confirm New Password
        </label>
        <input
          class="  max-w-full w-full text-night-black dark:text-max-white font-body bg-transparent border-b-2 focus:outline-none border-night-black dark:border-max-white"
          name="passwordConfirmation"
          type="password"
        />
      </div>
      <span
        class="relative"
      >
        <input
          class="  h-0 w-0 absolute"
          data-testid="checkbox"
          id="tempId"
          type="checkbox"
          value=""
        />
        <label
          class="  font-body relative flex my-[.6em] items-center text-night-black dark:text-max-white transition-colors duration-[250ms] ease-[cubic-bezier(.4,.0,.23,1)]"
          for="tempId"
        >
          <span
            class="pointer-events-none flex justify-center items-center mr-[.9em] w-[1.1em] h-[1.1em] bg-transparent border-2 border-solid rounded-sm cursor-pointer transition-all duration-[250ms] ease-[cubic-bezier(.4,.0,.23,1)] border-night-black dark:border-max-white"
          />
          <span
            class="pointer-events-none duration-500 opacity-1"
          >
            Show password
          </span>
          <ins
            class="pointer-events-none absolute block bottom-0 left-[2em] h-0 w-full overflow-hidden no-underline transition-[height] duration-300 ease-[cubic-bezier(.4,.0,.23,1)] "
          >
            <i
              class="pointer-events-none absolute bottom-0 not-italic text-hyper-red"
            >
              Show password
            </i>
          </ins>
        </label>
      </span>
      <button
        class="   w-full sm:w-auto cursor-pointer border-2 font-bold leading-none inline-block rounded-lg text-center font-headings relative text-max-white px-5 py-2.5   bg-hyper-red border-hyper-red dark:bg-hyper-red dark:border-hyper-red"
        data-testid="button"
        type="submit"
      >
        <div
          class="bg-hyper-red border-hyper-red dark:bg-hyper-red dark:border-hyper-red rounded-lg absolute left-0 top-0 w-full h-full "
        />
        <span
          class="pointer-events-none relative z-10"
        >
          Reset Password
        </span>
      </button>
    </div>
  </form>
</DocumentFragment>
`;
