// Jest Snapshot v1, https://goo.gl/fbAQLP

exports[`renders a Candlestick chart given the dataset 1`] = `
<DocumentFragment>
  <div
    style="position: relative; width: inherit; height: inherit;"
  >
    <div
      style="position: relative;"
    >
      <svg
        height="300"
        width="500"
      >
        <defs>
          <lineargradient
            id="statsplot"
            x1="0"
            x2="0"
            y1="0"
            y2="1"
          >
            <stop
              offset="0%"
              stop-color="#87f2d4"
              stop-opacity="1"
            />
            <stop
              offset="100%"
              stop-color="#8b6ce7"
              stop-opacity="1"
            />
          </lineargradient>
        </defs>
        <g
          class="visx-group"
          transform="translate(0, 40)"
        >
          <g>
            <g
              class="visx-group visx-boxplot"
              transform="translate(0, 0)"
            >
              <line
                class="visx-boxplot-max"
                stroke="#0BEFFE"
                stroke-width="1"
                style="stroke: transparent;"
                x1="52.6"
                x2="54.4"
                y1="167"
                y2="167"
              />
              <line
                class="visx-boxplot-max-to-third"
                stroke="#0BEFFE"
                stroke-width="1"
                x1="53.5"
                x2="53.5"
                y1="167"
                y2="162"
              />
              <rect
                class="visx-boxplot-box"
                fill="#0BEFFE"
                fill-opacity="1"
                height="3"
                rx="2"
                ry="2"
                stroke="#0BEFFE"
                stroke-width="1"
                width="3.6"
                x="51.7"
                y="162"
              />
              <line
                class="visx-boxplot-median"
                stroke="#0BEFFE"
                stroke-width="1"
                style="stroke: transparent;"
                x1="51.7"
                x2="55.300000000000004"
                y1="608"
                y2="608"
              />
              <line
                class="visx-boxplot-min-to-first"
                stroke="#0BEFFE"
                stroke-width="1"
                x1="53.5"
                x2="53.5"
                y1="165"
                y2="169"
              />
              <line
                class="visx-boxplot-min"
                stroke="#0BEFFE"
                stroke-width="1"
                style="stroke: transparent;"
                x1="52.6"
                x2="54.4"
                y1="169"
                y2="169"
              />
            </g>
          </g>
          <g>
            <g
              class="visx-group visx-boxplot"
              transform="translate(0, 0)"
            >
              <line
                class="visx-boxplot-max"
                stroke="#FF2F97"
                stroke-width="1"
                style="stroke: transparent;"
                x1="65.6"
                x2="67.4"
                y1="187"
                y2="187"
              />
              <line
                class="visx-boxplot-max-to-third"
                stroke="#FF2F97"
                stroke-width="1"
                x1="66.5"
                x2="66.5"
                y1="187"
                y2="187"
              />
              <rect
                class="visx-boxplot-box"
                fill="#FF2F97"
                fill-opacity="1"
                height="11"
                rx="2"
                ry="2"
                stroke="#FF2F97"
                stroke-width="1"
                width="3.6"
                x="64.7"
                y="187"
              />
              <line
                class="visx-boxplot-median"
                stroke="#FF2F97"
                stroke-width="1"
                style="stroke: transparent;"
                x1="64.7"
                x2="68.3"
                y1="608"
                y2="608"
              />
              <line
                class="visx-boxplot-min-to-first"
                stroke="#FF2F97"
                stroke-width="1"
                x1="66.5"
                x2="66.5"
                y1="198"
                y2="221"
              />
              <line
                class="visx-boxplot-min"
                stroke="#FF2F97"
                stroke-width="1"
                style="stroke: transparent;"
                x1="65.6"
                x2="67.4"
                y1="221"
                y2="221"
              />
            </g>
          </g>
          <g>
            <g
              class="visx-group visx-boxplot"
              transform="translate(0, 0)"
            >
              <line
                class="visx-boxplot-max"
                stroke="#FF2F97"
                stroke-width="1"
                style="stroke: transparent;"
                x1="78.6"
                x2="80.4"
                y1="192"
                y2="192"
              />
              <line
                class="visx-boxplot-max-to-third"
                stroke="#FF2F97"
                stroke-width="1"
                x1="79.5"
                x2="79.5"
                y1="192"
                y2="192"
              />
              <rect
                class="visx-boxplot-box"
                fill="#FF2F97"
                fill-opacity="1"
                height="39"
                rx="2"
                ry="2"
                stroke="#FF2F97"
                stroke-width="1"
                width="3.6"
                x="77.7"
                y="192"
              />
              <line
                class="visx-boxplot-median"
                stroke="#FF2F97"
                stroke-width="1"
                style="stroke: transparent;"
                x1="77.7"
                x2="81.3"
                y1="608"
                y2="608"
              />
              <line
                class="visx-boxplot-min-to-first"
                stroke="#FF2F97"
                stroke-width="1"
                x1="79.5"
                x2="79.5"
                y1="231"
                y2="240"
              />
              <line
                class="visx-boxplot-min"
                stroke="#FF2F97"
                stroke-width="1"
                style="stroke: transparent;"
                x1="78.6"
                x2="80.4"
                y1="240"
                y2="240"
              />
            </g>
          </g>
          <g>
            <g
              class="visx-group visx-boxplot"
              transform="translate(0, 0)"
            >
              <line
                class="visx-boxplot-max"
                stroke="#FF2F97"
                stroke-width="1"
                style="stroke: transparent;"
                x1="91.6"
                x2="93.4"
                y1="194"
                y2="194"
              />
              <line
                class="visx-boxplot-max-to-third"
                stroke="#FF2F97"
                stroke-width="1"
                x1="92.5"
                x2="92.5"
                y1="194"
                y2="194"
              />
              <rect
                class="visx-boxplot-box"
                fill="#FF2F97"
                fill-opacity="1"
                height="20"
                rx="2"
                ry="2"
                stroke="#FF2F97"
                stroke-width="1"
                width="3.6"
                x="90.7"
                y="194"
              />
              <line
                class="visx-boxplot-median"
                stroke="#FF2F97"
                stroke-width="1"
                style="stroke: transparent;"
                x1="90.7"
                x2="94.3"
                y1="608"
                y2="608"
              />
              <line
                class="visx-boxplot-min-to-first"
                stroke="#FF2F97"
                stroke-width="1"
                x1="92.5"
                x2="92.5"
                y1="214"
                y2="244"
              />
              <line
                class="visx-boxplot-min"
                stroke="#FF2F97"
                stroke-width="1"
                style="stroke: transparent;"
                x1="91.6"
                x2="93.4"
                y1="244"
                y2="244"
              />
            </g>
          </g>
          <g>
            <g
              class="visx-group visx-boxplot"
              transform="translate(0, 0)"
            >
              <line
                class="visx-boxplot-max"
                stroke="#0BEFFE"
                stroke-width="1"
                style="stroke: transparent;"
                x1="104.6"
                x2="106.4"
                y1="195"
                y2="195"
              />
              <line
                class="visx-boxplot-max-to-third"
                stroke="#0BEFFE"
                stroke-width="1"
                x1="105.5"
                x2="105.5"
                y1="195"
                y2="156"
              />
              <rect
                class="visx-boxplot-box"
                fill="#0BEFFE"
                fill-opacity="1"
                height="37"
                rx="2"
                ry="2"
                stroke="#0BEFFE"
                stroke-width="1"
                width="3.6"
                x="103.7"
                y="156"
              />
              <line
                class="visx-boxplot-median"
                stroke="#0BEFFE"
                stroke-width="1"
                style="stroke: transparent;"
                x1="103.7"
                x2="107.3"
                y1="608"
                y2="608"
              />
              <line
                class="visx-boxplot-min-to-first"
                stroke="#0BEFFE"
                stroke-width="1"
                x1="105.5"
                x2="105.5"
                y1="193"
                y2="185"
              />
              <line
                class="visx-boxplot-min"
                stroke="#0BEFFE"
                stroke-width="1"
                style="stroke: transparent;"
                x1="104.6"
                x2="106.4"
                y1="185"
                y2="185"
              />
            </g>
          </g>
          <g>
            <g
              class="visx-group visx-boxplot"
              transform="translate(0, 0)"
            >
              <line
                class="visx-boxplot-max"
                stroke="#0BEFFE"
                stroke-width="1"
                style="stroke: transparent;"
                x1="117.6"
                x2="119.4"
                y1="207"
                y2="207"
              />
              <line
                class="visx-boxplot-max-to-third"
                stroke="#0BEFFE"
                stroke-width="1"
                x1="118.5"
                x2="118.5"
                y1="207"
                y2="194"
              />
              <rect
                class="visx-boxplot-box"
                fill="#0BEFFE"
                fill-opacity="1"
                height="11"
                rx="2"
                ry="2"
                stroke="#0BEFFE"
                stroke-width="1"
                width="3.6"
                x="116.7"
                y="194"
              />
              <line
                class="visx-boxplot-median"
                stroke="#0BEFFE"
                stroke-width="1"
                style="stroke: transparent;"
                x1="116.7"
                x2="120.3"
                y1="608"
                y2="608"
              />
              <line
                class="visx-boxplot-min-to-first"
                stroke="#0BEFFE"
                stroke-width="1"
                x1="118.5"
                x2="118.5"
                y1="205"
                y2="237"
              />
              <line
                class="visx-boxplot-min"
                stroke="#0BEFFE"
                stroke-width="1"
                style="stroke: transparent;"
                x1="117.6"
                x2="119.4"
                y1="237"
                y2="237"
              />
            </g>
          </g>
          <g>
            <g
              class="visx-group visx-boxplot"
              transform="translate(0, 0)"
            >
              <line
                class="visx-boxplot-max"
                stroke="#0BEFFE"
                stroke-width="1"
                style="stroke: transparent;"
                x1="130.6"
                x2="132.4"
                y1="209"
                y2="209"
              />
              <line
                class="visx-boxplot-max-to-third"
                stroke="#0BEFFE"
                stroke-width="1"
                x1="131.5"
                x2="131.5"
                y1="209"
                y2="201"
              />
              <rect
                class="visx-boxplot-box"
                fill="#0BEFFE"
                fill-opacity="1"
                height="6"
                rx="2"
                ry="2"
                stroke="#0BEFFE"
                stroke-width="1"
                width="3.6"
                x="129.7"
                y="201"
              />
              <line
                class="visx-boxplot-median"
                stroke="#0BEFFE"
                stroke-width="1"
                style="stroke: transparent;"
                x1="129.7"
                x2="133.29999999999998"
                y1="608"
                y2="608"
              />
              <line
                class="visx-boxplot-min-to-first"
                stroke="#0BEFFE"
                stroke-width="1"
                x1="131.5"
                x2="131.5"
                y1="207"
                y2="250"
              />
              <line
                class="visx-boxplot-min"
                stroke="#0BEFFE"
                stroke-width="1"
                style="stroke: transparent;"
                x1="130.6"
                x2="132.4"
                y1="250"
                y2="250"
              />
            </g>
          </g>
          <g>
            <g
              class="visx-group visx-boxplot"
              transform="translate(0, 0)"
            >
              <line
                class="visx-boxplot-max"
                stroke="#0BEFFE"
                stroke-width="1"
                style="stroke: transparent;"
                x1="143.6"
                x2="145.4"
                y1="208"
                y2="208"
              />
              <line
                class="visx-boxplot-max-to-third"
                stroke="#0BEFFE"
                stroke-width="1"
                x1="144.5"
                x2="144.5"
                y1="208"
                y2="173"
              />
              <rect
                class="visx-boxplot-box"
                fill="#0BEFFE"
                fill-opacity="1"
                height="34"
                rx="2"
                ry="2"
                stroke="#0BEFFE"
                stroke-width="1"
                width="3.6"
                x="142.7"
                y="173"
              />
              <line
                class="visx-boxplot-median"
                stroke="#0BEFFE"
                stroke-width="1"
                style="stroke: transparent;"
                x1="142.7"
                x2="146.29999999999998"
                y1="608"
                y2="608"
              />
              <line
                class="visx-boxplot-min-to-first"
                stroke="#0BEFFE"
                stroke-width="1"
                x1="144.5"
                x2="144.5"
                y1="207"
                y2="180"
              />
              <line
                class="visx-boxplot-min"
                stroke="#0BEFFE"
                stroke-width="1"
                style="stroke: transparent;"
                x1="143.6"
                x2="145.4"
                y1="180"
                y2="180"
              />
            </g>
          </g>
          <g>
            <g
              class="visx-group visx-boxplot"
              transform="translate(0, 0)"
            >
              <line
                class="visx-boxplot-max"
                stroke="#0BEFFE"
                stroke-width="1"
                style="stroke: transparent;"
                x1="156.6"
                x2="158.4"
                y1="209"
                y2="209"
              />
              <line
                class="visx-boxplot-max-to-third"
                stroke="#0BEFFE"
                stroke-width="1"
                x1="157.5"
                x2="157.5"
                y1="209"
                y2="120"
              />
              <rect
                class="visx-boxplot-box"
                fill="#0BEFFE"
                fill-opacity="1"
                height="87"
                rx="2"
                ry="2"
                stroke="#0BEFFE"
                stroke-width="1"
                width="3.6"
                x="155.7"
                y="120"
              />
              <line
                class="visx-boxplot-median"
                stroke="#0BEFFE"
                stroke-width="1"
                style="stroke: transparent;"
                x1="155.7"
                x2="159.29999999999998"
                y1="608"
                y2="608"
              />
              <line
                class="visx-boxplot-min-to-first"
                stroke="#0BEFFE"
                stroke-width="1"
                x1="157.5"
                x2="157.5"
                y1="207"
                y2="50"
              />
              <line
                class="visx-boxplot-min"
                stroke="#0BEFFE"
                stroke-width="1"
                style="stroke: transparent;"
                x1="156.6"
                x2="158.4"
                y1="50"
                y2="50"
              />
            </g>
          </g>
          <g>
            <g
              class="visx-group visx-boxplot"
              transform="translate(0, 0)"
            >
              <line
                class="visx-boxplot-max"
                stroke="#0BEFFE"
                stroke-width="1"
                style="stroke: transparent;"
                x1="169.6"
                x2="171.4"
                y1="208"
                y2="208"
              />
              <line
                class="visx-boxplot-max-to-third"
                stroke="#0BEFFE"
                stroke-width="1"
                x1="170.5"
                x2="170.5"
                y1="208"
                y2="107"
              />
              <rect
                class="visx-boxplot-box"
                fill="#0BEFFE"
                fill-opacity="1"
                height="100"
                rx="2"
                ry="2"
                stroke="#0BEFFE"
                stroke-width="1"
                width="3.6"
                x="168.7"
                y="107"
              />
              <line
                class="visx-boxplot-median"
                stroke="#0BEFFE"
                stroke-width="1"
                style="stroke: transparent;"
                x1="168.7"
                x2="172.29999999999998"
                y1="608"
                y2="608"
              />
              <line
                class="visx-boxplot-min-to-first"
                stroke="#0BEFFE"
                stroke-width="1"
                x1="170.5"
                x2="170.5"
                y1="207"
                y2="93"
              />
              <line
                class="visx-boxplot-min"
                stroke="#0BEFFE"
                stroke-width="1"
                style="stroke: transparent;"
                x1="169.6"
                x2="171.4"
                y1="93"
                y2="93"
              />
            </g>
          </g>
          <g>
            <g
              class="visx-group visx-boxplot"
              transform="translate(0, 0)"
            >
              <line
                class="visx-boxplot-max"
                stroke="#0BEFFE"
                stroke-width="1"
                style="stroke: transparent;"
                x1="182.6"
                x2="184.4"
                y1="218"
                y2="218"
              />
              <line
                class="visx-boxplot-max-to-third"
                stroke="#0BEFFE"
                stroke-width="1"
                x1="183.5"
                x2="183.5"
                y1="218"
                y2="125"
              />
              <rect
                class="visx-boxplot-box"
                fill="#0BEFFE"
                fill-opacity="1"
                height="91"
                rx="2"
                ry="2"
                stroke="#0BEFFE"
                stroke-width="1"
                width="3.6"
                x="181.7"
                y="125"
              />
              <line
                class="visx-boxplot-median"
                stroke="#0BEFFE"
                stroke-width="1"
                style="stroke: transparent;"
                x1="181.7"
                x2="185.29999999999998"
                y1="608"
                y2="608"
              />
              <line
                class="visx-boxplot-min-to-first"
                stroke="#0BEFFE"
                stroke-width="1"
                x1="183.5"
                x2="183.5"
                y1="216"
                y2="153"
              />
              <line
                class="visx-boxplot-min"
                stroke="#0BEFFE"
                stroke-width="1"
                style="stroke: transparent;"
                x1="182.6"
                x2="184.4"
                y1="153"
                y2="153"
              />
            </g>
          </g>
          <g>
            <g
              class="visx-group visx-boxplot"
              transform="translate(0, 0)"
            >
              <line
                class="visx-boxplot-max"
                stroke="#0BEFFE"
                stroke-width="1"
                style="stroke: transparent;"
                x1="195.6"
                x2="197.4"
                y1="224"
                y2="224"
              />
              <line
                class="visx-boxplot-max-to-third"
                stroke="#0BEFFE"
                stroke-width="1"
                x1="196.5"
                x2="196.5"
                y1="224"
                y2="173"
              />
              <rect
                class="visx-boxplot-box"
                fill="#0BEFFE"
                fill-opacity="1"
                height="49"
                rx="2"
                ry="2"
                stroke="#0BEFFE"
                stroke-width="1"
                width="3.6"
                x="194.7"
                y="173"
              />
              <line
                class="visx-boxplot-median"
                stroke="#0BEFFE"
                stroke-width="1"
                style="stroke: transparent;"
                x1="194.7"
                x2="198.29999999999998"
                y1="608"
                y2="608"
              />
              <line
                class="visx-boxplot-min-to-first"
                stroke="#0BEFFE"
                stroke-width="1"
                x1="196.5"
                x2="196.5"
                y1="222"
                y2="166"
              />
              <line
                class="visx-boxplot-min"
                stroke="#0BEFFE"
                stroke-width="1"
                style="stroke: transparent;"
                x1="195.6"
                x2="197.4"
                y1="166"
                y2="166"
              />
            </g>
          </g>
          <g>
            <g
              class="visx-group visx-boxplot"
              transform="translate(0, 0)"
            >
              <line
                class="visx-boxplot-max"
                stroke="#0BEFFE"
                stroke-width="1"
                style="stroke: transparent;"
                x1="208.6"
                x2="210.4"
                y1="211"
                y2="211"
              />
              <line
                class="visx-boxplot-max-to-third"
                stroke="#0BEFFE"
                stroke-width="1"
                x1="209.5"
                x2="209.5"
                y1="211"
                y2="162"
              />
              <rect
                class="visx-boxplot-box"
                fill="#0BEFFE"
                fill-opacity="1"
                height="48"
                rx="2"
                ry="2"
                stroke="#0BEFFE"
                stroke-width="1"
                width="3.6"
                x="207.7"
                y="162"
              />
              <line
                class="visx-boxplot-median"
                stroke="#0BEFFE"
                stroke-width="1"
                style="stroke: transparent;"
                x1="207.7"
                x2="211.29999999999998"
                y1="608"
                y2="608"
              />
              <line
                class="visx-boxplot-min-to-first"
                stroke="#0BEFFE"
                stroke-width="1"
                x1="209.5"
                x2="209.5"
                y1="210"
                y2="183"
              />
              <line
                class="visx-boxplot-min"
                stroke="#0BEFFE"
                stroke-width="1"
                style="stroke: transparent;"
                x1="208.6"
                x2="210.4"
                y1="183"
                y2="183"
              />
            </g>
          </g>
          <g>
            <g
              class="visx-group visx-boxplot"
              transform="translate(0, 0)"
            >
              <line
                class="visx-boxplot-max"
                stroke="#0BEFFE"
                stroke-width="1"
                style="stroke: transparent;"
                x1="221.6"
                x2="223.4"
                y1="181"
                y2="181"
              />
              <line
                class="visx-boxplot-max-to-third"
                stroke="#0BEFFE"
                stroke-width="1"
                x1="222.5"
                x2="222.5"
                y1="181"
                y2="154"
              />
              <rect
                class="visx-boxplot-box"
                fill="#0BEFFE"
                fill-opacity="1"
                height="25"
                rx="2"
                ry="2"
                stroke="#0BEFFE"
                stroke-width="1"
                width="3.6"
                x="220.7"
                y="154"
              />
              <line
                class="visx-boxplot-median"
                stroke="#0BEFFE"
                stroke-width="1"
                style="stroke: transparent;"
                x1="220.7"
                x2="224.29999999999998"
                y1="608"
                y2="608"
              />
              <line
                class="visx-boxplot-min-to-first"
                stroke="#0BEFFE"
                stroke-width="1"
                x1="222.5"
                x2="222.5"
                y1="179"
                y2="189"
              />
              <line
                class="visx-boxplot-min"
                stroke="#0BEFFE"
                stroke-width="1"
                style="stroke: transparent;"
                x1="221.6"
                x2="223.4"
                y1="189"
                y2="189"
              />
            </g>
          </g>
          <g>
            <g
              class="visx-group visx-boxplot"
              transform="translate(0, 0)"
            >
              <line
                class="visx-boxplot-max"
                stroke="#FF2F97"
                stroke-width="1"
                style="stroke: transparent;"
                x1="234.6"
                x2="236.4"
                y1="150"
                y2="150"
              />
              <line
                class="visx-boxplot-max-to-third"
                stroke="#FF2F97"
                stroke-width="1"
                x1="235.5"
                x2="235.5"
                y1="150"
                y2="150"
              />
              <rect
                class="visx-boxplot-box"
                fill="#FF2F97"
                fill-opacity="1"
                height="1"
                rx="2"
                ry="2"
                stroke="#FF2F97"
                stroke-width="1"
                width="3.6"
                x="233.7"
                y="150"
              />
              <line
                class="visx-boxplot-median"
                stroke="#FF2F97"
                stroke-width="1"
                style="stroke: transparent;"
                x1="233.7"
                x2="237.29999999999998"
                y1="608"
                y2="608"
              />
              <line
                class="visx-boxplot-min-to-first"
                stroke="#FF2F97"
                stroke-width="1"
                x1="235.5"
                x2="235.5"
                y1="151"
                y2="195"
              />
              <line
                class="visx-boxplot-min"
                stroke="#FF2F97"
                stroke-width="1"
                style="stroke: transparent;"
                x1="234.6"
                x2="236.4"
                y1="195"
                y2="195"
              />
            </g>
          </g>
          <g>
            <g
              class="visx-group visx-boxplot"
              transform="translate(0, 0)"
            >
              <line
                class="visx-boxplot-max"
                stroke="#0BEFFE"
                stroke-width="1"
                style="stroke: transparent;"
                x1="247.6"
                x2="249.4"
                y1="148"
                y2="148"
              />
              <line
                class="visx-boxplot-max-to-third"
                stroke="#0BEFFE"
                stroke-width="1"
                x1="248.5"
                x2="248.5"
                y1="148"
                y2="132"
              />
              <rect
                class="visx-boxplot-box"
                fill="#0BEFFE"
                fill-opacity="1"
                height="14"
                rx="2"
                ry="2"
                stroke="#0BEFFE"
                stroke-width="1"
                width="3.6"
                x="246.7"
                y="132"
              />
              <line
                class="visx-boxplot-median"
                stroke="#0BEFFE"
                stroke-width="1"
                style="stroke: transparent;"
                x1="246.7"
                x2="250.29999999999998"
                y1="608"
                y2="608"
              />
              <line
                class="visx-boxplot-min-to-first"
                stroke="#0BEFFE"
                stroke-width="1"
                x1="248.5"
                x2="248.5"
                y1="146"
                y2="188"
              />
              <line
                class="visx-boxplot-min"
                stroke="#0BEFFE"
                stroke-width="1"
                style="stroke: transparent;"
                x1="247.6"
                x2="249.4"
                y1="188"
                y2="188"
              />
            </g>
          </g>
          <g>
            <g
              class="visx-group visx-boxplot"
              transform="translate(0, 0)"
            >
              <line
                class="visx-boxplot-max"
                stroke="#FF2F97"
                stroke-width="1"
                style="stroke: transparent;"
                x1="260.6"
                x2="262.4"
                y1="115"
                y2="115"
              />
              <line
                class="visx-boxplot-max-to-third"
                stroke="#FF2F97"
                stroke-width="1"
                x1="261.5"
                x2="261.5"
                y1="115"
                y2="115"
              />
              <rect
                class="visx-boxplot-box"
                fill="#FF2F97"
                fill-opacity="1"
                height="3"
                rx="2"
                ry="2"
                stroke="#FF2F97"
                stroke-width="1"
                width="3.6"
                x="259.7"
                y="115"
              />
              <line
                class="visx-boxplot-median"
                stroke="#FF2F97"
                stroke-width="1"
                style="stroke: transparent;"
                x1="259.7"
                x2="263.3"
                y1="608"
                y2="608"
              />
              <line
                class="visx-boxplot-min-to-first"
                stroke="#FF2F97"
                stroke-width="1"
                x1="261.5"
                x2="261.5"
                y1="118"
                y2="120"
              />
              <line
                class="visx-boxplot-min"
                stroke="#FF2F97"
                stroke-width="1"
                style="stroke: transparent;"
                x1="260.6"
                x2="262.4"
                y1="120"
                y2="120"
              />
            </g>
          </g>
          <g>
            <g
              class="visx-group visx-boxplot"
              transform="translate(0, 0)"
            >
              <line
                class="visx-boxplot-max"
                stroke="#FF2F97"
                stroke-width="1"
                style="stroke: transparent;"
                x1="273.6"
                x2="275.4"
                y1="78"
                y2="78"
              />
              <line
                class="visx-boxplot-max-to-third"
                stroke="#FF2F97"
                stroke-width="1"
                x1="274.5"
                x2="274.5"
                y1="78"
                y2="78"
              />
              <rect
                class="visx-boxplot-box"
                fill="#FF2F97"
                fill-opacity="1"
                height="50"
                rx="2"
                ry="2"
                stroke="#FF2F97"
                stroke-width="1"
                width="3.6"
                x="272.7"
                y="78"
              />
              <line
                class="visx-boxplot-median"
                stroke="#FF2F97"
                stroke-width="1"
                style="stroke: transparent;"
                x1="272.7"
                x2="276.3"
                y1="608"
                y2="608"
              />
              <line
                class="visx-boxplot-min-to-first"
                stroke="#FF2F97"
                stroke-width="1"
                x1="274.5"
                x2="274.5"
                y1="128"
                y2="123"
              />
              <line
                class="visx-boxplot-min"
                stroke="#FF2F97"
                stroke-width="1"
                style="stroke: transparent;"
                x1="273.6"
                x2="275.4"
                y1="123"
                y2="123"
              />
            </g>
          </g>
          <g>
            <g
              class="visx-group visx-boxplot"
              transform="translate(0, 0)"
            >
              <line
                class="visx-boxplot-max"
                stroke="#FF2F97"
                stroke-width="1"
                style="stroke: transparent;"
                x1="286.6"
                x2="288.4"
                y1="75"
                y2="75"
              />
              <line
                class="visx-boxplot-max-to-third"
                stroke="#FF2F97"
                stroke-width="1"
                x1="287.5"
                x2="287.5"
                y1="75"
                y2="75"
              />
              <rect
                class="visx-boxplot-box"
                fill="#FF2F97"
                fill-opacity="1"
                height="22"
                rx="2"
                ry="2"
                stroke="#FF2F97"
                stroke-width="1"
                width="3.6"
                x="285.7"
                y="75"
              />
              <line
                class="visx-boxplot-median"
                stroke="#FF2F97"
                stroke-width="1"
                style="stroke: transparent;"
                x1="285.7"
                x2="289.3"
                y1="608"
                y2="608"
              />
              <line
                class="visx-boxplot-min-to-first"
                stroke="#FF2F97"
                stroke-width="1"
                x1="287.5"
                x2="287.5"
                y1="97"
                y2="92"
              />
              <line
                class="visx-boxplot-min"
                stroke="#FF2F97"
                stroke-width="1"
                style="stroke: transparent;"
                x1="286.6"
                x2="288.4"
                y1="92"
                y2="92"
              />
            </g>
          </g>
          <g>
            <g
              class="visx-group visx-boxplot"
              transform="translate(0, 0)"
            >
              <line
                class="visx-boxplot-max"
                stroke="#FF2F97"
                stroke-width="1"
                style="stroke: transparent;"
                x1="299.6"
                x2="301.4"
                y1="72"
                y2="72"
              />
              <line
                class="visx-boxplot-max-to-third"
                stroke="#FF2F97"
                stroke-width="1"
                x1="300.5"
                x2="300.5"
                y1="72"
                y2="72"
              />
              <rect
                class="visx-boxplot-box"
                fill="#FF2F97"
                fill-opacity="1"
                height="12"
                rx="2"
                ry="2"
                stroke="#FF2F97"
                stroke-width="1"
                width="3.6"
                x="298.7"
                y="72"
              />
              <line
                class="visx-boxplot-median"
                stroke="#FF2F97"
                stroke-width="1"
                style="stroke: transparent;"
                x1="298.7"
                x2="302.3"
                y1="608"
                y2="608"
              />
              <line
                class="visx-boxplot-min-to-first"
                stroke="#FF2F97"
                stroke-width="1"
                x1="300.5"
                x2="300.5"
                y1="84"
                y2="107"
              />
              <line
                class="visx-boxplot-min"
                stroke="#FF2F97"
                stroke-width="1"
                style="stroke: transparent;"
                x1="299.6"
                x2="301.4"
                y1="107"
                y2="107"
              />
            </g>
          </g>
          <g>
            <g
              class="visx-group visx-boxplot"
              transform="translate(0, 0)"
            >
              <line
                class="visx-boxplot-max"
                stroke="#FF2F97"
                stroke-width="1"
                style="stroke: transparent;"
                x1="312.6"
                x2="314.4"
                y1="79"
                y2="79"
              />
              <line
                class="visx-boxplot-max-to-third"
                stroke="#FF2F97"
                stroke-width="1"
                x1="313.5"
                x2="313.5"
                y1="79"
                y2="79"
              />
              <rect
                class="visx-boxplot-box"
                fill="#FF2F97"
                fill-opacity="1"
                height="38"
                rx="2"
                ry="2"
                stroke="#FF2F97"
                stroke-width="1"
                width="3.6"
                x="311.7"
                y="79"
              />
              <line
                class="visx-boxplot-median"
                stroke="#FF2F97"
                stroke-width="1"
                style="stroke: transparent;"
                x1="311.7"
                x2="315.3"
                y1="608"
                y2="608"
              />
              <line
                class="visx-boxplot-min-to-first"
                stroke="#FF2F97"
                stroke-width="1"
                x1="313.5"
                x2="313.5"
                y1="117"
                y2="132"
              />
              <line
                class="visx-boxplot-min"
                stroke="#FF2F97"
                stroke-width="1"
                style="stroke: transparent;"
                x1="312.6"
                x2="314.4"
                y1="132"
                y2="132"
              />
            </g>
          </g>
          <g>
            <g
              class="visx-group visx-boxplot"
              transform="translate(0, 0)"
            >
              <line
                class="visx-boxplot-max"
                stroke="#FF2F97"
                stroke-width="1"
                style="stroke: transparent;"
                x1="325.6"
                x2="327.4"
                y1="91"
                y2="91"
              />
              <line
                class="visx-boxplot-max-to-third"
                stroke="#FF2F97"
                stroke-width="1"
                x1="326.5"
                x2="326.5"
                y1="91"
                y2="91"
              />
              <rect
                class="visx-boxplot-box"
                fill="#FF2F97"
                fill-opacity="1"
                height="37"
                rx="2"
                ry="2"
                stroke="#FF2F97"
                stroke-width="1"
                width="3.6"
                x="324.7"
                y="91"
              />
              <line
                class="visx-boxplot-median"
                stroke="#FF2F97"
                stroke-width="1"
                style="stroke: transparent;"
                x1="324.7"
                x2="328.3"
                y1="608"
                y2="608"
              />
              <line
                class="visx-boxplot-min-to-first"
                stroke="#FF2F97"
                stroke-width="1"
                x1="326.5"
                x2="326.5"
                y1="128"
                y2="151"
              />
              <line
                class="visx-boxplot-min"
                stroke="#FF2F97"
                stroke-width="1"
                style="stroke: transparent;"
                x1="325.6"
                x2="327.4"
                y1="151"
                y2="151"
              />
            </g>
          </g>
          <g>
            <g
              class="visx-group visx-boxplot"
              transform="translate(0, 0)"
            >
              <line
                class="visx-boxplot-max"
                stroke="#FF2F97"
                stroke-width="1"
                style="stroke: transparent;"
                x1="338.6"
                x2="340.4"
                y1="88"
                y2="88"
              />
              <line
                class="visx-boxplot-max-to-third"
                stroke="#FF2F97"
                stroke-width="1"
                x1="339.5"
                x2="339.5"
                y1="88"
                y2="88"
              />
              <rect
                class="visx-boxplot-box"
                fill="#FF2F97"
                fill-opacity="1"
                height="55"
                rx="2"
                ry="2"
                stroke="#FF2F97"
                stroke-width="1"
                width="3.6"
                x="337.7"
                y="88"
              />
              <line
                class="visx-boxplot-median"
                stroke="#FF2F97"
                stroke-width="1"
                style="stroke: transparent;"
                x1="337.7"
                x2="341.3"
                y1="608"
                y2="608"
              />
              <line
                class="visx-boxplot-min-to-first"
                stroke="#FF2F97"
                stroke-width="1"
                x1="339.5"
                x2="339.5"
                y1="143"
                y2="145"
              />
              <line
                class="visx-boxplot-min"
                stroke="#FF2F97"
                stroke-width="1"
                style="stroke: transparent;"
                x1="338.6"
                x2="340.4"
                y1="145"
                y2="145"
              />
            </g>
          </g>
          <g>
            <g
              class="visx-group visx-boxplot"
              transform="translate(0, 0)"
            >
              <line
                class="visx-boxplot-max"
                stroke="#FF2F97"
                stroke-width="1"
                style="stroke: transparent;"
                x1="351.6"
                x2="353.4"
                y1="99"
                y2="99"
              />
              <line
                class="visx-boxplot-max-to-third"
                stroke="#FF2F97"
                stroke-width="1"
                x1="352.5"
                x2="352.5"
                y1="99"
                y2="99"
              />
              <rect
                class="visx-boxplot-box"
                fill="#FF2F97"
                fill-opacity="1"
                height="91"
                rx="2"
                ry="2"
                stroke="#FF2F97"
                stroke-width="1"
                width="3.6"
                x="350.7"
                y="99"
              />
              <line
                class="visx-boxplot-median"
                stroke="#FF2F97"
                stroke-width="1"
                style="stroke: transparent;"
                x1="350.7"
                x2="354.3"
                y1="608"
                y2="608"
              />
              <line
                class="visx-boxplot-min-to-first"
                stroke="#FF2F97"
                stroke-width="1"
                x1="352.5"
                x2="352.5"
                y1="190"
                y2="192"
              />
              <line
                class="visx-boxplot-min"
                stroke="#FF2F97"
                stroke-width="1"
                style="stroke: transparent;"
                x1="351.6"
                x2="353.4"
                y1="192"
                y2="192"
              />
            </g>
          </g>
          <g>
            <g
              class="visx-group visx-boxplot"
              transform="translate(0, 0)"
            >
              <line
                class="visx-boxplot-max"
                stroke="#FF2F97"
                stroke-width="1"
                style="stroke: transparent;"
                x1="364.6"
                x2="366.4"
                y1="111"
                y2="111"
              />
              <line
                class="visx-boxplot-max-to-third"
                stroke="#FF2F97"
                stroke-width="1"
                x1="365.5"
                x2="365.5"
                y1="111"
                y2="111"
              />
              <rect
                class="visx-boxplot-box"
                fill="#FF2F97"
                fill-opacity="1"
                height="63"
                rx="2"
                ry="2"
                stroke="#FF2F97"
                stroke-width="1"
                width="3.6"
                x="363.7"
                y="111"
              />
              <line
                class="visx-boxplot-median"
                stroke="#FF2F97"
                stroke-width="1"
                style="stroke: transparent;"
                x1="363.7"
                x2="367.3"
                y1="608"
                y2="608"
              />
              <line
                class="visx-boxplot-min-to-first"
                stroke="#FF2F97"
                stroke-width="1"
                x1="365.5"
                x2="365.5"
                y1="174"
                y2="175"
              />
              <line
                class="visx-boxplot-min"
                stroke="#FF2F97"
                stroke-width="1"
                style="stroke: transparent;"
                x1="364.6"
                x2="366.4"
                y1="175"
                y2="175"
              />
            </g>
          </g>
          <g>
            <g
              class="visx-group visx-boxplot"
              transform="translate(0, 0)"
            >
              <line
                class="visx-boxplot-max"
                stroke="#FF2F97"
                stroke-width="1"
                style="stroke: transparent;"
                x1="377.6"
                x2="379.4"
                y1="133"
                y2="133"
              />
              <line
                class="visx-boxplot-max-to-third"
                stroke="#FF2F97"
                stroke-width="1"
                x1="378.5"
                x2="378.5"
                y1="133"
                y2="133"
              />
              <rect
                class="visx-boxplot-box"
                fill="#FF2F97"
                fill-opacity="1"
                height="22"
                rx="2"
                ry="2"
                stroke="#FF2F97"
                stroke-width="1"
                width="3.6"
                x="376.7"
                y="133"
              />
              <line
                class="visx-boxplot-median"
                stroke="#FF2F97"
                stroke-width="1"
                style="stroke: transparent;"
                x1="376.7"
                x2="380.3"
                y1="608"
                y2="608"
              />
              <line
                class="visx-boxplot-min-to-first"
                stroke="#FF2F97"
                stroke-width="1"
                x1="378.5"
                x2="378.5"
                y1="155"
                y2="157"
              />
              <line
                class="visx-boxplot-min"
                stroke="#FF2F97"
                stroke-width="1"
                style="stroke: transparent;"
                x1="377.6"
                x2="379.4"
                y1="157"
                y2="157"
              />
            </g>
          </g>
          <g>
            <g
              class="visx-group visx-boxplot"
              transform="translate(0, 0)"
            >
              <line
                class="visx-boxplot-max"
                stroke="#0BEFFE"
                stroke-width="1"
                style="stroke: transparent;"
                x1="390.6"
                x2="392.4"
                y1="152"
                y2="152"
              />
              <line
                class="visx-boxplot-max-to-third"
                stroke="#0BEFFE"
                stroke-width="1"
                x1="391.5"
                x2="391.5"
                y1="152"
                y2="127"
              />
              <rect
                class="visx-boxplot-box"
                fill="#0BEFFE"
                fill-opacity="1"
                height="23"
                rx="2"
                ry="2"
                stroke="#0BEFFE"
                stroke-width="1"
                width="3.6"
                x="389.7"
                y="127"
              />
              <line
                class="visx-boxplot-median"
                stroke="#0BEFFE"
                stroke-width="1"
                style="stroke: transparent;"
                x1="389.7"
                x2="393.3"
                y1="608"
                y2="608"
              />
              <line
                class="visx-boxplot-min-to-first"
                stroke="#0BEFFE"
                stroke-width="1"
                x1="391.5"
                x2="391.5"
                y1="150"
                y2="127"
              />
              <line
                class="visx-boxplot-min"
                stroke="#0BEFFE"
                stroke-width="1"
                style="stroke: transparent;"
                x1="390.6"
                x2="392.4"
                y1="127"
                y2="127"
              />
            </g>
          </g>
          <g>
            <g
              class="visx-group visx-boxplot"
              transform="translate(0, 0)"
            >
              <line
                class="visx-boxplot-max"
                stroke="#0BEFFE"
                stroke-width="1"
                style="stroke: transparent;"
                x1="403.6"
                x2="405.4"
                y1="157"
                y2="157"
              />
              <line
                class="visx-boxplot-max-to-third"
                stroke="#0BEFFE"
                stroke-width="1"
                x1="404.5"
                x2="404.5"
                y1="157"
                y2="133"
              />
              <rect
                class="visx-boxplot-box"
                fill="#0BEFFE"
                fill-opacity="1"
                height="22"
                rx="2"
                ry="2"
                stroke="#0BEFFE"
                stroke-width="1"
                width="3.6"
                x="402.7"
                y="133"
              />
              <line
                class="visx-boxplot-median"
                stroke="#0BEFFE"
                stroke-width="1"
                style="stroke: transparent;"
                x1="402.7"
                x2="406.3"
                y1="608"
                y2="608"
              />
              <line
                class="visx-boxplot-min-to-first"
                stroke="#0BEFFE"
                stroke-width="1"
                x1="404.5"
                x2="404.5"
                y1="155"
                y2="133"
              />
              <line
                class="visx-boxplot-min"
                stroke="#0BEFFE"
                stroke-width="1"
                style="stroke: transparent;"
                x1="403.6"
                x2="405.4"
                y1="133"
                y2="133"
              />
            </g>
          </g>
          <g>
            <g
              class="visx-group visx-boxplot"
              transform="translate(0, 0)"
            >
              <line
                class="visx-boxplot-max"
                stroke="#0BEFFE"
                stroke-width="1"
                style="stroke: transparent;"
                x1="416.6"
                x2="418.4"
                y1="163"
                y2="163"
              />
              <line
                class="visx-boxplot-max-to-third"
                stroke="#0BEFFE"
                stroke-width="1"
                x1="417.5"
                x2="417.5"
                y1="163"
                y2="125"
              />
              <rect
                class="visx-boxplot-box"
                fill="#0BEFFE"
                fill-opacity="1"
                height="36"
                rx="2"
                ry="2"
                stroke="#0BEFFE"
                stroke-width="1"
                width="3.6"
                x="415.7"
                y="125"
              />
              <line
                class="visx-boxplot-median"
                stroke="#0BEFFE"
                stroke-width="1"
                style="stroke: transparent;"
                x1="415.7"
                x2="419.3"
                y1="608"
                y2="608"
              />
              <line
                class="visx-boxplot-min-to-first"
                stroke="#0BEFFE"
                stroke-width="1"
                x1="417.5"
                x2="417.5"
                y1="161"
                y2="125"
              />
              <line
                class="visx-boxplot-min"
                stroke="#0BEFFE"
                stroke-width="1"
                style="stroke: transparent;"
                x1="416.6"
                x2="418.4"
                y1="125"
                y2="125"
              />
            </g>
          </g>
          <g>
            <g
              class="visx-group visx-boxplot"
              transform="translate(0, 0)"
            >
              <line
                class="visx-boxplot-max"
                stroke="#0BEFFE"
                stroke-width="1"
                style="stroke: transparent;"
                x1="429.6"
                x2="431.4"
                y1="159"
                y2="159"
              />
              <line
                class="visx-boxplot-max-to-third"
                stroke="#0BEFFE"
                stroke-width="1"
                x1="430.5"
                x2="430.5"
                y1="159"
                y2="100"
              />
              <rect
                class="visx-boxplot-box"
                fill="#0BEFFE"
                fill-opacity="1"
                height="57"
                rx="2"
                ry="2"
                stroke="#0BEFFE"
                stroke-width="1"
                width="3.6"
                x="428.7"
                y="100"
              />
              <line
                class="visx-boxplot-median"
                stroke="#0BEFFE"
                stroke-width="1"
                style="stroke: transparent;"
                x1="428.7"
                x2="432.3"
                y1="608"
                y2="608"
              />
              <line
                class="visx-boxplot-min-to-first"
                stroke="#0BEFFE"
                stroke-width="1"
                x1="430.5"
                x2="430.5"
                y1="157"
                y2="100"
              />
              <line
                class="visx-boxplot-min"
                stroke="#0BEFFE"
                stroke-width="1"
                style="stroke: transparent;"
                x1="429.6"
                x2="431.4"
                y1="100"
                y2="100"
              />
            </g>
          </g>
          <g>
            <g
              class="visx-group visx-boxplot"
              transform="translate(0, 0)"
            >
              <line
                class="visx-boxplot-max"
                stroke="#0BEFFE"
                stroke-width="1"
                style="stroke: transparent;"
                x1="442.6"
                x2="444.4"
                y1="154"
                y2="154"
              />
              <line
                class="visx-boxplot-max-to-third"
                stroke="#0BEFFE"
                stroke-width="1"
                x1="443.5"
                x2="443.5"
                y1="154"
                y2="122"
              />
              <rect
                class="visx-boxplot-box"
                fill="#0BEFFE"
                fill-opacity="1"
                height="30"
                rx="2"
                ry="2"
                stroke="#0BEFFE"
                stroke-width="1"
                width="3.6"
                x="441.7"
                y="122"
              />
              <line
                class="visx-boxplot-median"
                stroke="#0BEFFE"
                stroke-width="1"
                style="stroke: transparent;"
                x1="441.7"
                x2="445.3"
                y1="608"
                y2="608"
              />
              <line
                class="visx-boxplot-min-to-first"
                stroke="#0BEFFE"
                stroke-width="1"
                x1="443.5"
                x2="443.5"
                y1="152"
                y2="122"
              />
              <line
                class="visx-boxplot-min"
                stroke="#0BEFFE"
                stroke-width="1"
                style="stroke: transparent;"
                x1="442.6"
                x2="444.4"
                y1="122"
                y2="122"
              />
            </g>
          </g>
          <g>
            <g
              class="visx-group visx-boxplot"
              transform="translate(0, 0)"
            >
              <line
                class="visx-boxplot-max"
                stroke="#FF2F97"
                stroke-width="1"
                style="stroke: transparent;"
                x1="455.6"
                x2="457.4"
                y1="137"
                y2="137"
              />
              <line
                class="visx-boxplot-max-to-third"
                stroke="#FF2F97"
                stroke-width="1"
                x1="456.5"
                x2="456.5"
                y1="137"
                y2="137"
              />
              <rect
                class="visx-boxplot-box"
                fill="#FF2F97"
                fill-opacity="1"
                height="9"
                rx="2"
                ry="2"
                stroke="#FF2F97"
                stroke-width="1"
                width="3.6"
                x="454.7"
                y="137"
              />
              <line
                class="visx-boxplot-median"
                stroke="#FF2F97"
                stroke-width="1"
                style="stroke: transparent;"
                x1="454.7"
                x2="458.3"
                y1="608"
                y2="608"
              />
              <line
                class="visx-boxplot-min-to-first"
                stroke="#FF2F97"
                stroke-width="1"
                x1="456.5"
                x2="456.5"
                y1="146"
                y2="148"
              />
              <line
                class="visx-boxplot-min"
                stroke="#FF2F97"
                stroke-width="1"
                style="stroke: transparent;"
                x1="455.6"
                x2="457.4"
                y1="148"
                y2="148"
              />
            </g>
          </g>
          <g>
            <g
              class="visx-group visx-boxplot"
              transform="translate(0, 0)"
            >
              <line
                class="visx-boxplot-max"
                stroke="#FF2F97"
                stroke-width="1"
                style="stroke: transparent;"
                x1="468.6"
                x2="470.4"
                y1="116"
                y2="116"
              />
              <line
                class="visx-boxplot-max-to-third"
                stroke="#FF2F97"
                stroke-width="1"
                x1="469.5"
                x2="469.5"
                y1="116"
                y2="116"
              />
              <rect
                class="visx-boxplot-box"
                fill="#FF2F97"
                fill-opacity="1"
                height="26"
                rx="2"
                ry="2"
                stroke="#FF2F97"
                stroke-width="1"
                width="3.6"
                x="467.7"
                y="116"
              />
              <line
                class="visx-boxplot-median"
                stroke="#FF2F97"
                stroke-width="1"
                style="stroke: transparent;"
                x1="467.7"
                x2="471.3"
                y1="608"
                y2="608"
              />
              <line
                class="visx-boxplot-min-to-first"
                stroke="#FF2F97"
                stroke-width="1"
                x1="469.5"
                x2="469.5"
                y1="142"
                y2="144"
              />
              <line
                class="visx-boxplot-min"
                stroke="#FF2F97"
                stroke-width="1"
                style="stroke: transparent;"
                x1="468.6"
                x2="470.4"
                y1="144"
                y2="144"
              />
            </g>
          </g>
          <g>
            <g
              class="visx-group visx-boxplot"
              transform="translate(0, 0)"
            >
              <line
                class="visx-boxplot-max"
                stroke="#FF2F97"
                stroke-width="1"
                style="stroke: transparent;"
                x1="481.6"
                x2="483.4"
                y1="104"
                y2="104"
              />
              <line
                class="visx-boxplot-max-to-third"
                stroke="#FF2F97"
                stroke-width="1"
                x1="482.5"
                x2="482.5"
                y1="104"
                y2="104"
              />
              <rect
                class="visx-boxplot-box"
                fill="#FF2F97"
                fill-opacity="1"
                height="18"
                rx="2"
                ry="2"
                stroke="#FF2F97"
                stroke-width="1"
                width="3.6"
                x="480.7"
                y="104"
              />
              <line
                class="visx-boxplot-median"
                stroke="#FF2F97"
                stroke-width="1"
                style="stroke: transparent;"
                x1="480.7"
                x2="484.3"
                y1="608"
                y2="608"
              />
              <line
                class="visx-boxplot-min-to-first"
                stroke="#FF2F97"
                stroke-width="1"
                x1="482.5"
                x2="482.5"
                y1="122"
                y2="124"
              />
              <line
                class="visx-boxplot-min"
                stroke="#FF2F97"
                stroke-width="1"
                style="stroke: transparent;"
                x1="481.6"
                x2="483.4"
                y1="124"
                y2="124"
              />
            </g>
          </g>
          <g>
            <g
              class="visx-group visx-boxplot"
              transform="translate(0, 0)"
            >
              <line
                class="visx-boxplot-max"
                stroke="#FF2F97"
                stroke-width="1"
                style="stroke: transparent;"
                x1="494.6"
                x2="496.4"
                y1="76"
                y2="76"
              />
              <line
                class="visx-boxplot-max-to-third"
                stroke="#FF2F97"
                stroke-width="1"
                x1="495.5"
                x2="495.5"
                y1="76"
                y2="76"
              />
              <rect
                class="visx-boxplot-box"
                fill="#FF2F97"
                fill-opacity="1"
                height="79"
                rx="2"
                ry="2"
                stroke="#FF2F97"
                stroke-width="1"
                width="3.6"
                x="493.7"
                y="76"
              />
              <line
                class="visx-boxplot-median"
                stroke="#FF2F97"
                stroke-width="1"
                style="stroke: transparent;"
                x1="493.7"
                x2="497.3"
                y1="608"
                y2="608"
              />
              <line
                class="visx-boxplot-min-to-first"
                stroke="#FF2F97"
                stroke-width="1"
                x1="495.5"
                x2="495.5"
                y1="155"
                y2="156"
              />
              <line
                class="visx-boxplot-min"
                stroke="#FF2F97"
                stroke-width="1"
                style="stroke: transparent;"
                x1="494.6"
                x2="496.4"
                y1="156"
                y2="156"
              />
            </g>
          </g>
          <g>
            <g
              class="visx-group visx-boxplot"
              transform="translate(0, 0)"
            >
              <line
                class="visx-boxplot-max"
                stroke="#FF2F97"
                stroke-width="1"
                style="stroke: transparent;"
                x1="507.6"
                x2="509.4"
                y1="68"
                y2="68"
              />
              <line
                class="visx-boxplot-max-to-third"
                stroke="#FF2F97"
                stroke-width="1"
                x1="508.5"
                x2="508.5"
                y1="68"
                y2="68"
              />
              <rect
                class="visx-boxplot-box"
                fill="#FF2F97"
                fill-opacity="1"
                height="106"
                rx="2"
                ry="2"
                stroke="#FF2F97"
                stroke-width="1"
                width="3.6"
                x="506.7"
                y="68"
              />
              <line
                class="visx-boxplot-median"
                stroke="#FF2F97"
                stroke-width="1"
                style="stroke: transparent;"
                x1="506.7"
                x2="510.3"
                y1="608"
                y2="608"
              />
              <line
                class="visx-boxplot-min-to-first"
                stroke="#FF2F97"
                stroke-width="1"
                x1="508.5"
                x2="508.5"
                y1="174"
                y2="175"
              />
              <line
                class="visx-boxplot-min"
                stroke="#FF2F97"
                stroke-width="1"
                style="stroke: transparent;"
                x1="507.6"
                x2="509.4"
                y1="175"
                y2="175"
              />
            </g>
          </g>
          <g>
            <g
              class="visx-group visx-boxplot"
              transform="translate(0, 0)"
            >
              <line
                class="visx-boxplot-max"
                stroke="#FF2F97"
                stroke-width="1"
                style="stroke: transparent;"
                x1="520.6"
                x2="522.4"
                y1="68"
                y2="68"
              />
              <line
                class="visx-boxplot-max-to-third"
                stroke="#FF2F97"
                stroke-width="1"
                x1="521.5"
                x2="521.5"
                y1="68"
                y2="68"
              />
              <rect
                class="visx-boxplot-box"
                fill="#FF2F97"
                fill-opacity="1"
                height="93"
                rx="2"
                ry="2"
                stroke="#FF2F97"
                stroke-width="1"
                width="3.6"
                x="519.7"
                y="68"
              />
              <line
                class="visx-boxplot-median"
                stroke="#FF2F97"
                stroke-width="1"
                style="stroke: transparent;"
                x1="519.7"
                x2="523.3000000000001"
                y1="608"
                y2="608"
              />
              <line
                class="visx-boxplot-min-to-first"
                stroke="#FF2F97"
                stroke-width="1"
                x1="521.5"
                x2="521.5"
                y1="161"
                y2="163"
              />
              <line
                class="visx-boxplot-min"
                stroke="#FF2F97"
                stroke-width="1"
                style="stroke: transparent;"
                x1="520.6"
                x2="522.4"
                y1="163"
                y2="163"
              />
            </g>
          </g>
          <g>
            <g
              class="visx-group visx-boxplot"
              transform="translate(0, 0)"
            >
              <line
                class="visx-boxplot-max"
                stroke="#FF2F97"
                stroke-width="1"
                style="stroke: transparent;"
                x1="533.6"
                x2="535.4"
                y1="68"
                y2="68"
              />
              <line
                class="visx-boxplot-max-to-third"
                stroke="#FF2F97"
                stroke-width="1"
                x1="534.5"
                x2="534.5"
                y1="68"
                y2="68"
              />
              <rect
                class="visx-boxplot-box"
                fill="#FF2F97"
                fill-opacity="1"
                height="93"
                rx="2"
                ry="2"
                stroke="#FF2F97"
                stroke-width="1"
                width="3.6"
                x="532.7"
                y="68"
              />
              <line
                class="visx-boxplot-median"
                stroke="#FF2F97"
                stroke-width="1"
                style="stroke: transparent;"
                x1="532.7"
                x2="536.3000000000001"
                y1="608"
                y2="608"
              />
              <line
                class="visx-boxplot-min-to-first"
                stroke="#FF2F97"
                stroke-width="1"
                x1="534.5"
                x2="534.5"
                y1="161"
                y2="163"
              />
              <line
                class="visx-boxplot-min"
                stroke="#FF2F97"
                stroke-width="1"
                style="stroke: transparent;"
                x1="533.6"
                x2="535.4"
                y1="163"
                y2="163"
              />
            </g>
          </g>
          <g>
            <g
              class="visx-group visx-boxplot"
              transform="translate(0, 0)"
            >
              <line
                class="visx-boxplot-max"
                stroke="#FF2F97"
                stroke-width="1"
                style="stroke: transparent;"
                x1="546.6"
                x2="548.4"
                y1="68"
                y2="68"
              />
              <line
                class="visx-boxplot-max-to-third"
                stroke="#FF2F97"
                stroke-width="1"
                x1="547.5"
                x2="547.5"
                y1="68"
                y2="68"
              />
              <rect
                class="visx-boxplot-box"
                fill="#FF2F97"
                fill-opacity="1"
                height="93"
                rx="2"
                ry="2"
                stroke="#FF2F97"
                stroke-width="1"
                width="3.6"
                x="545.7"
                y="68"
              />
              <line
                class="visx-boxplot-median"
                stroke="#FF2F97"
                stroke-width="1"
                style="stroke: transparent;"
                x1="545.7"
                x2="549.3000000000001"
                y1="608"
                y2="608"
              />
              <line
                class="visx-boxplot-min-to-first"
                stroke="#FF2F97"
                stroke-width="1"
                x1="547.5"
                x2="547.5"
                y1="161"
                y2="163"
              />
              <line
                class="visx-boxplot-min"
                stroke="#FF2F97"
                stroke-width="1"
                style="stroke: transparent;"
                x1="546.6"
                x2="548.4"
                y1="163"
                y2="163"
              />
            </g>
          </g>
        </g>
      </svg>
    </div>
  </div>
</DocumentFragment>
`;
