// Jest Snapshot v1, https://goo.gl/fbAQLP

exports[`renders PathQuestionnaire module 1`] = `
<DocumentFragment>
  <div
    class=" grid  gap-4  p-2 justify-center"
  >
    <div
      class=" grid  gap-8  p-2 max-w-xl"
    >
      <h4
        class="text-night-black dark:text-max-white font-headings font-semibold text-lg sm:text-md "
      >
        Before we get started, we'd like to get to know you a little bit. This way, we'll better understand which learning modules suit you!
      </h4>
      <button
        class="   w-full sm:w-auto cursor-pointer border-2 font-bold leading-none inline-block rounded-lg text-center font-headings relative text-max-white px-5 py-2.5   bg-hyper-red border-hyper-red dark:bg-hyper-red dark:border-hyper-red"
        data-cy="path-questionnaire-confirm"
        data-testid="button"
        type="button"
      >
        <div
          class="bg-hyper-red border-hyper-red dark:bg-hyper-red dark:border-hyper-red rounded-lg absolute left-0 top-0 w-full h-full "
        />
        <span
          class="pointer-events-none relative z-10"
        >
          Let's go!
        </span>
      </button>
    </div>
  </div>
</DocumentFragment>
`;
