// Jest Snapshot v1, https://goo.gl/fbAQLP

exports[`renders a Line chart given the dataset 1`] = `
<DocumentFragment>
  <div
    style="position: relative; width: inherit; height: inherit;"
  >
    <div>
      <svg
        height="300"
        width="500"
      >
        <rect
          fill="#050E1C"
          height="300"
          rx="14"
          width="500"
          x="0"
          y="0"
        />
        <g
          class="visx-group"
          transform="translate(40, 40)"
        >
          <g
            class="visx-group visx-rows"
            transform="translate(0, 0)"
          >
            <line
              class="visx-line"
              fill="transparent"
              height="210"
              opacity="0.3"
              shape-rendering="crispEdges"
              stroke="#FF2F97"
              stroke-width="1"
              x1="0"
              x2="430"
              y1="210"
              y2="210"
            />
            <line
              class="visx-line"
              fill="transparent"
              height="210"
              opacity="0.3"
              shape-rendering="crispEdges"
              stroke="#FF2F97"
              stroke-width="1"
              x1="0"
              x2="430"
              y1="193.84615384615387"
              y2="193.84615384615387"
            />
            <line
              class="visx-line"
              fill="transparent"
              height="210"
              opacity="0.3"
              shape-rendering="crispEdges"
              stroke="#FF2F97"
              stroke-width="1"
              x1="0"
              x2="430"
              y1="177.69230769230768"
              y2="177.69230769230768"
            />
            <line
              class="visx-line"
              fill="transparent"
              height="210"
              opacity="0.3"
              shape-rendering="crispEdges"
              stroke="#FF2F97"
              stroke-width="1"
              x1="0"
              x2="430"
              y1="161.53846153846152"
              y2="161.53846153846152"
            />
            <line
              class="visx-line"
              fill="transparent"
              height="210"
              opacity="0.3"
              shape-rendering="crispEdges"
              stroke="#FF2F97"
              stroke-width="1"
              x1="0"
              x2="430"
              y1="145.3846153846154"
              y2="145.3846153846154"
            />
            <line
              class="visx-line"
              fill="transparent"
              height="210"
              opacity="0.3"
              shape-rendering="crispEdges"
              stroke="#FF2F97"
              stroke-width="1"
              x1="0"
              x2="430"
              y1="129.23076923076923"
              y2="129.23076923076923"
            />
            <line
              class="visx-line"
              fill="transparent"
              height="210"
              opacity="0.3"
              shape-rendering="crispEdges"
              stroke="#FF2F97"
              stroke-width="1"
              x1="0"
              x2="430"
              y1="113.07692307692307"
              y2="113.07692307692307"
            />
            <line
              class="visx-line"
              fill="transparent"
              height="210"
              opacity="0.3"
              shape-rendering="crispEdges"
              stroke="#FF2F97"
              stroke-width="1"
              x1="0"
              x2="430"
              y1="96.92307692307693"
              y2="96.92307692307693"
            />
            <line
              class="visx-line"
              fill="transparent"
              height="210"
              opacity="0.3"
              shape-rendering="crispEdges"
              stroke="#FF2F97"
              stroke-width="1"
              x1="0"
              x2="430"
              y1="80.76923076923076"
              y2="80.76923076923076"
            />
            <line
              class="visx-line"
              fill="transparent"
              height="210"
              opacity="0.3"
              shape-rendering="crispEdges"
              stroke="#FF2F97"
              stroke-width="1"
              x1="0"
              x2="430"
              y1="64.61538461538461"
              y2="64.61538461538461"
            />
            <line
              class="visx-line"
              fill="transparent"
              height="210"
              opacity="0.3"
              shape-rendering="crispEdges"
              stroke="#FF2F97"
              stroke-width="1"
              x1="0"
              x2="430"
              y1="48.46153846153845"
              y2="48.46153846153845"
            />
            <line
              class="visx-line"
              fill="transparent"
              height="210"
              opacity="0.3"
              shape-rendering="crispEdges"
              stroke="#FF2F97"
              stroke-width="1"
              x1="0"
              x2="430"
              y1="32.30769230769231"
              y2="32.30769230769231"
            />
            <line
              class="visx-line"
              fill="transparent"
              height="210"
              opacity="0.3"
              shape-rendering="crispEdges"
              stroke="#FF2F97"
              stroke-width="1"
              x1="0"
              x2="430"
              y1="16.153846153846143"
              y2="16.153846153846143"
            />
            <line
              class="visx-line"
              fill="transparent"
              height="210"
              opacity="0.3"
              shape-rendering="crispEdges"
              stroke="#FF2F97"
              stroke-width="1"
              x1="0"
              x2="430"
              y1="0"
              y2="0"
            />
          </g>
          <g
            class="visx-group visx-columns"
            transform="translate(0, 0)"
          >
            <line
              class="visx-line"
              fill="transparent"
              opacity="0.3"
              shape-rendering="crispEdges"
              stroke="#FF2F97"
              stroke-width="1"
              width="430"
              x1="32.125901875901874"
              x2="32.125901875901874"
              y1="0"
              y2="210"
            />
            <line
              class="visx-line"
              fill="transparent"
              opacity="0.3"
              shape-rendering="crispEdges"
              stroke="#FF2F97"
              stroke-width="1"
              width="430"
              x1="66.00468975468975"
              x2="66.00468975468975"
              y1="0"
              y2="210"
            />
            <line
              class="visx-line"
              fill="transparent"
              opacity="0.3"
              shape-rendering="crispEdges"
              stroke="#FF2F97"
              stroke-width="1"
              width="430"
              x1="100.255772005772"
              x2="100.255772005772"
              y1="0"
              y2="210"
            />
            <line
              class="visx-line"
              fill="transparent"
              opacity="0.3"
              shape-rendering="crispEdges"
              stroke="#FF2F97"
              stroke-width="1"
              width="430"
              x1="134.52236652236653"
              x2="134.52236652236653"
              y1="0"
              y2="210"
            />
            <line
              class="visx-line"
              fill="transparent"
              opacity="0.3"
              shape-rendering="crispEdges"
              stroke="#FF2F97"
              stroke-width="1"
              width="430"
              x1="168.01334776334775"
              x2="168.01334776334775"
              y1="0"
              y2="210"
            />
            <line
              class="visx-line"
              fill="transparent"
              opacity="0.3"
              shape-rendering="crispEdges"
              stroke="#FF2F97"
              stroke-width="1"
              width="430"
              x1="201.89213564213563"
              x2="201.89213564213563"
              y1="0"
              y2="210"
            />
            <line
              class="visx-line"
              fill="transparent"
              opacity="0.3"
              shape-rendering="crispEdges"
              stroke="#FF2F97"
              stroke-width="1"
              width="430"
              x1="236.1432178932179"
              x2="236.1432178932179"
              y1="0"
              y2="210"
            />
            <line
              class="visx-line"
              fill="transparent"
              opacity="0.3"
              shape-rendering="crispEdges"
              stroke="#FF2F97"
              stroke-width="1"
              width="430"
              x1="270.40981240981245"
              x2="270.40981240981245"
              y1="0"
              y2="210"
            />
            <line
              class="visx-line"
              fill="transparent"
              opacity="0.3"
              shape-rendering="crispEdges"
              stroke="#FF2F97"
              stroke-width="1"
              width="430"
              x1="303.9007936507937"
              x2="303.9007936507937"
              y1="0"
              y2="210"
            />
            <line
              class="visx-line"
              fill="transparent"
              opacity="0.3"
              shape-rendering="crispEdges"
              stroke="#FF2F97"
              stroke-width="1"
              width="430"
              x1="337.77958152958155"
              x2="337.77958152958155"
              y1="0"
              y2="210"
            />
            <line
              class="visx-line"
              fill="transparent"
              opacity="0.3"
              shape-rendering="crispEdges"
              stroke="#FF2F97"
              stroke-width="1"
              width="430"
              x1="372.03066378066376"
              x2="372.03066378066376"
              y1="0"
              y2="210"
            />
            <line
              class="visx-line"
              fill="transparent"
              opacity="0.3"
              shape-rendering="crispEdges"
              stroke="#FF2F97"
              stroke-width="1"
              width="430"
              x1="406.2972582972583"
              x2="406.2972582972583"
              y1="0"
              y2="210"
            />
          </g>
          <line
            stroke="#e0e0e0"
            x1="430"
            x2="430"
            y1="0"
            y2="210"
          />
          <g
            class="visx-group visx-axis visx-axis-bottom"
            transform="translate(0, 210)"
          >
            <g
              class="visx-group visx-axis-tick"
              transform="translate(0, 0)"
            >
              <line
                class="visx-line"
                fill="transparent"
                shape-rendering="crispEdges"
                stroke="#222"
                stroke-linecap="square"
                stroke-width="1"
                x1="134.52236652236653"
                x2="134.52236652236653"
                y1="0"
                y2="8"
              />
              <svg
                font-size="14"
                style="overflow: visible;"
                x="0"
                y="0.25em"
              >
                <text
                  fill="#FF2F97"
                  font-family=""Space Grotesk", sans-serif"
                  font-size="14"
                  text-anchor="middle"
                  transform=""
                  x="134.52236652236653"
                  y="22"
                >
                  <tspan
                    dy="0em"
                    x="134.52236652236653"
                  >
                    2018
                  </tspan>
                </text>
              </svg>
            </g>
            <g
              class="visx-group visx-axis-tick"
              transform="translate(0, 0)"
            >
              <line
                class="visx-line"
                fill="transparent"
                shape-rendering="crispEdges"
                stroke="#222"
                stroke-linecap="square"
                stroke-width="1"
                x1="270.40981240981245"
                x2="270.40981240981245"
                y1="0"
                y2="8"
              />
              <svg
                font-size="14"
                style="overflow: visible;"
                x="0"
                y="0.25em"
              >
                <text
                  fill="#FF2F97"
                  font-family=""Space Grotesk", sans-serif"
                  font-size="14"
                  text-anchor="middle"
                  transform=""
                  x="270.40981240981245"
                  y="22"
                >
                  <tspan
                    dy="0em"
                    x="270.40981240981245"
                  >
                    2019
                  </tspan>
                </text>
              </svg>
            </g>
            <g
              class="visx-group visx-axis-tick"
              transform="translate(0, 0)"
            >
              <line
                class="visx-line"
                fill="transparent"
                shape-rendering="crispEdges"
                stroke="#222"
                stroke-linecap="square"
                stroke-width="1"
                x1="406.2972582972583"
                x2="406.2972582972583"
                y1="0"
                y2="8"
              />
              <svg
                font-size="14"
                style="overflow: visible;"
                x="0"
                y="0.25em"
              >
                <text
                  fill="#FF2F97"
                  font-family=""Space Grotesk", sans-serif"
                  font-size="14"
                  text-anchor="middle"
                  transform=""
                  x="406.2972582972583"
                  y="22"
                >
                  <tspan
                    dy="0em"
                    x="406.2972582972583"
                  >
                    2020
                  </tspan>
                </text>
              </svg>
            </g>
            <line
              class="visx-line visx-axis-line"
              fill="transparent"
              shape-rendering="crispEdges"
              stroke="#FF2F97"
              stroke-width="1"
              x1="0.5"
              x2="430.5"
              y1="0"
              y2="0"
            />
          </g>
          <g
            class="visx-group visx-axis visx-axis-left"
            transform="translate(0, 0)"
          >
            <g
              class="visx-group visx-axis-tick"
              transform="translate(0, 0)"
            >
              <line
                class="visx-line"
                fill="transparent"
                shape-rendering="crispEdges"
                stroke="#222"
                stroke-linecap="square"
                stroke-width="1"
                x1="0"
                x2="-8"
                y1="210"
                y2="210"
              />
              <svg
                font-size="14"
                style="overflow: visible;"
                x="-0.25em"
                y="0.25em"
              >
                <text
                  fill="#FF2F97"
                  font-family=""Space Grotesk", sans-serif"
                  font-size="14"
                  text-anchor="end"
                  transform=""
                  x="-8"
                  y="210"
                >
                  <tspan
                    dy="0em"
                    x="-8"
                  >
                    52
                  </tspan>
                </text>
              </svg>
            </g>
            <g
              class="visx-group visx-axis-tick"
              transform="translate(0, 0)"
            >
              <line
                class="visx-line"
                fill="transparent"
                shape-rendering="crispEdges"
                stroke="#222"
                stroke-linecap="square"
                stroke-width="1"
                x1="0"
                x2="-8"
                y1="193.84615384615387"
                y2="193.84615384615387"
              />
              <svg
                font-size="14"
                style="overflow: visible;"
                x="-0.25em"
                y="0.25em"
              >
                <text
                  fill="#FF2F97"
                  font-family=""Space Grotesk", sans-serif"
                  font-size="14"
                  text-anchor="end"
                  transform=""
                  x="-8"
                  y="193.84615384615387"
                >
                  <tspan
                    dy="0em"
                    x="-8"
                  >
                    54
                  </tspan>
                </text>
              </svg>
            </g>
            <g
              class="visx-group visx-axis-tick"
              transform="translate(0, 0)"
            >
              <line
                class="visx-line"
                fill="transparent"
                shape-rendering="crispEdges"
                stroke="#222"
                stroke-linecap="square"
                stroke-width="1"
                x1="0"
                x2="-8"
                y1="177.69230769230768"
                y2="177.69230769230768"
              />
              <svg
                font-size="14"
                style="overflow: visible;"
                x="-0.25em"
                y="0.25em"
              >
                <text
                  fill="#FF2F97"
                  font-family=""Space Grotesk", sans-serif"
                  font-size="14"
                  text-anchor="end"
                  transform=""
                  x="-8"
                  y="177.69230769230768"
                >
                  <tspan
                    dy="0em"
                    x="-8"
                  >
                    56
                  </tspan>
                </text>
              </svg>
            </g>
            <g
              class="visx-group visx-axis-tick"
              transform="translate(0, 0)"
            >
              <line
                class="visx-line"
                fill="transparent"
                shape-rendering="crispEdges"
                stroke="#222"
                stroke-linecap="square"
                stroke-width="1"
                x1="0"
                x2="-8"
                y1="161.53846153846152"
                y2="161.53846153846152"
              />
              <svg
                font-size="14"
                style="overflow: visible;"
                x="-0.25em"
                y="0.25em"
              >
                <text
                  fill="#FF2F97"
                  font-family=""Space Grotesk", sans-serif"
                  font-size="14"
                  text-anchor="end"
                  transform=""
                  x="-8"
                  y="161.53846153846152"
                >
                  <tspan
                    dy="0em"
                    x="-8"
                  >
                    58
                  </tspan>
                </text>
              </svg>
            </g>
            <g
              class="visx-group visx-axis-tick"
              transform="translate(0, 0)"
            >
              <line
                class="visx-line"
                fill="transparent"
                shape-rendering="crispEdges"
                stroke="#222"
                stroke-linecap="square"
                stroke-width="1"
                x1="0"
                x2="-8"
                y1="145.3846153846154"
                y2="145.3846153846154"
              />
              <svg
                font-size="14"
                style="overflow: visible;"
                x="-0.25em"
                y="0.25em"
              >
                <text
                  fill="#FF2F97"
                  font-family=""Space Grotesk", sans-serif"
                  font-size="14"
                  text-anchor="end"
                  transform=""
                  x="-8"
                  y="145.3846153846154"
                >
                  <tspan
                    dy="0em"
                    x="-8"
                  >
                    60
                  </tspan>
                </text>
              </svg>
            </g>
            <g
              class="visx-group visx-axis-tick"
              transform="translate(0, 0)"
            >
              <line
                class="visx-line"
                fill="transparent"
                shape-rendering="crispEdges"
                stroke="#222"
                stroke-linecap="square"
                stroke-width="1"
                x1="0"
                x2="-8"
                y1="129.23076923076923"
                y2="129.23076923076923"
              />
              <svg
                font-size="14"
                style="overflow: visible;"
                x="-0.25em"
                y="0.25em"
              >
                <text
                  fill="#FF2F97"
                  font-family=""Space Grotesk", sans-serif"
                  font-size="14"
                  text-anchor="end"
                  transform=""
                  x="-8"
                  y="129.23076923076923"
                >
                  <tspan
                    dy="0em"
                    x="-8"
                  >
                    62
                  </tspan>
                </text>
              </svg>
            </g>
            <g
              class="visx-group visx-axis-tick"
              transform="translate(0, 0)"
            >
              <line
                class="visx-line"
                fill="transparent"
                shape-rendering="crispEdges"
                stroke="#222"
                stroke-linecap="square"
                stroke-width="1"
                x1="0"
                x2="-8"
                y1="113.07692307692307"
                y2="113.07692307692307"
              />
              <svg
                font-size="14"
                style="overflow: visible;"
                x="-0.25em"
                y="0.25em"
              >
                <text
                  fill="#FF2F97"
                  font-family=""Space Grotesk", sans-serif"
                  font-size="14"
                  text-anchor="end"
                  transform=""
                  x="-8"
                  y="113.07692307692307"
                >
                  <tspan
                    dy="0em"
                    x="-8"
                  >
                    64
                  </tspan>
                </text>
              </svg>
            </g>
            <g
              class="visx-group visx-axis-tick"
              transform="translate(0, 0)"
            >
              <line
                class="visx-line"
                fill="transparent"
                shape-rendering="crispEdges"
                stroke="#222"
                stroke-linecap="square"
                stroke-width="1"
                x1="0"
                x2="-8"
                y1="96.92307692307693"
                y2="96.92307692307693"
              />
              <svg
                font-size="14"
                style="overflow: visible;"
                x="-0.25em"
                y="0.25em"
              >
                <text
                  fill="#FF2F97"
                  font-family=""Space Grotesk", sans-serif"
                  font-size="14"
                  text-anchor="end"
                  transform=""
                  x="-8"
                  y="96.92307692307693"
                >
                  <tspan
                    dy="0em"
                    x="-8"
                  >
                    66
                  </tspan>
                </text>
              </svg>
            </g>
            <g
              class="visx-group visx-axis-tick"
              transform="translate(0, 0)"
            >
              <line
                class="visx-line"
                fill="transparent"
                shape-rendering="crispEdges"
                stroke="#222"
                stroke-linecap="square"
                stroke-width="1"
                x1="0"
                x2="-8"
                y1="80.76923076923076"
                y2="80.76923076923076"
              />
              <svg
                font-size="14"
                style="overflow: visible;"
                x="-0.25em"
                y="0.25em"
              >
                <text
                  fill="#FF2F97"
                  font-family=""Space Grotesk", sans-serif"
                  font-size="14"
                  text-anchor="end"
                  transform=""
                  x="-8"
                  y="80.76923076923076"
                >
                  <tspan
                    dy="0em"
                    x="-8"
                  >
                    68
                  </tspan>
                </text>
              </svg>
            </g>
            <g
              class="visx-group visx-axis-tick"
              transform="translate(0, 0)"
            >
              <line
                class="visx-line"
                fill="transparent"
                shape-rendering="crispEdges"
                stroke="#222"
                stroke-linecap="square"
                stroke-width="1"
                x1="0"
                x2="-8"
                y1="64.61538461538461"
                y2="64.61538461538461"
              />
              <svg
                font-size="14"
                style="overflow: visible;"
                x="-0.25em"
                y="0.25em"
              >
                <text
                  fill="#FF2F97"
                  font-family=""Space Grotesk", sans-serif"
                  font-size="14"
                  text-anchor="end"
                  transform=""
                  x="-8"
                  y="64.61538461538461"
                >
                  <tspan
                    dy="0em"
                    x="-8"
                  >
                    70
                  </tspan>
                </text>
              </svg>
            </g>
            <g
              class="visx-group visx-axis-tick"
              transform="translate(0, 0)"
            >
              <line
                class="visx-line"
                fill="transparent"
                shape-rendering="crispEdges"
                stroke="#222"
                stroke-linecap="square"
                stroke-width="1"
                x1="0"
                x2="-8"
                y1="48.46153846153845"
                y2="48.46153846153845"
              />
              <svg
                font-size="14"
                style="overflow: visible;"
                x="-0.25em"
                y="0.25em"
              >
                <text
                  fill="#FF2F97"
                  font-family=""Space Grotesk", sans-serif"
                  font-size="14"
                  text-anchor="end"
                  transform=""
                  x="-8"
                  y="48.46153846153845"
                >
                  <tspan
                    dy="0em"
                    x="-8"
                  >
                    72
                  </tspan>
                </text>
              </svg>
            </g>
            <g
              class="visx-group visx-axis-tick"
              transform="translate(0, 0)"
            >
              <line
                class="visx-line"
                fill="transparent"
                shape-rendering="crispEdges"
                stroke="#222"
                stroke-linecap="square"
                stroke-width="1"
                x1="0"
                x2="-8"
                y1="32.30769230769231"
                y2="32.30769230769231"
              />
              <svg
                font-size="14"
                style="overflow: visible;"
                x="-0.25em"
                y="0.25em"
              >
                <text
                  fill="#FF2F97"
                  font-family=""Space Grotesk", sans-serif"
                  font-size="14"
                  text-anchor="end"
                  transform=""
                  x="-8"
                  y="32.30769230769231"
                >
                  <tspan
                    dy="0em"
                    x="-8"
                  >
                    74
                  </tspan>
                </text>
              </svg>
            </g>
            <g
              class="visx-group visx-axis-tick"
              transform="translate(0, 0)"
            >
              <line
                class="visx-line"
                fill="transparent"
                shape-rendering="crispEdges"
                stroke="#222"
                stroke-linecap="square"
                stroke-width="1"
                x1="0"
                x2="-8"
                y1="16.153846153846143"
                y2="16.153846153846143"
              />
              <svg
                font-size="14"
                style="overflow: visible;"
                x="-0.25em"
                y="0.25em"
              >
                <text
                  fill="#FF2F97"
                  font-family=""Space Grotesk", sans-serif"
                  font-size="14"
                  text-anchor="end"
                  transform=""
                  x="-8"
                  y="16.153846153846143"
                >
                  <tspan
                    dy="0em"
                    x="-8"
                  >
                    76
                  </tspan>
                </text>
              </svg>
            </g>
            <g
              class="visx-group visx-axis-tick"
              transform="translate(0, 0)"
            >
              <line
                class="visx-line"
                fill="transparent"
                shape-rendering="crispEdges"
                stroke="#222"
                stroke-linecap="square"
                stroke-width="1"
                x1="0"
                x2="-8"
                y1="0"
                y2="0"
              />
              <svg
                font-size="14"
                style="overflow: visible;"
                x="-0.25em"
                y="0.25em"
              >
                <text
                  fill="#FF2F97"
                  font-family=""Space Grotesk", sans-serif"
                  font-size="14"
                  text-anchor="end"
                  transform=""
                  x="-8"
                  y="0"
                >
                  <tspan
                    dy="0em"
                    x="-8"
                  >
                    78
                  </tspan>
                </text>
              </svg>
            </g>
            <line
              class="visx-line visx-axis-line"
              fill="transparent"
              shape-rendering="crispEdges"
              stroke="#FF2F97"
              stroke-width="1"
              x1="0"
              x2="0"
              y1="210.5"
              y2="0.5"
            />
          </g>
          <text
            font-family=""Space Grotesk", sans-serif"
            font-size="20"
            transform="rotate(-90)"
            x="-60"
            y="25"
          >
            CSCO
          </text>
          <g
            class="visx-threshold"
          >
            <g />
          </g>
          <rect
            class="visx-bar"
            fill="transparent"
            height="210"
            width="430"
            x="0"
            y="0"
          />
        </g>
      </svg>
    </div>
  </div>
</DocumentFragment>
`;
