// Jest Snapshot v1, https://goo.gl/fbAQLP

exports[`renders steps animation 1`] = `
<DocumentFragment>
  <div
    class="victory-scene in-view "
  >
    <div
      class="line vertical-line vertical-line-1"
    />
    <div
      class="line horizontal-line horizontal-line-1"
    />
    <div
      class="line vertical-line vertical-line-2"
    />
    <div
      class="line horizontal-line horizontal-line-2"
    />
    <div
      class="line vertical-line vertical-line-3"
    />
    <div
      class="circle circle-animated step-1"
    >
      <div
        class="circle circle-nested-animated"
      >
        <div
          class="circle circle-inner-animated"
        >
          <div
            class="circle water-fill"
          />
          <div
            class="absolute"
          >
            <h4
              class="text-night-black dark:text-max-white font-headings font-semibold sm:text-2xl md:text-5xl text-night-black"
            >
              A
            </h4>
          </div>
        </div>
      </div>
    </div>
    <div
      class="circle circle-animated step-2"
    >
      <div
        class="circle circle-nested-animated"
      >
        <div
          class="circle circle-inner-animated"
        >
          <div
            class="circle water-fill"
          />
          <div
            class="absolute"
          >
            <h4
              class="text-night-black dark:text-max-white font-headings font-semibold sm:text-2xl md:text-5xl text-night-black"
            >
              B
            </h4>
          </div>
        </div>
      </div>
    </div>
    <div
      class="circle circle-animated step-3"
    >
      <div
        class="circle circle-nested-animated"
      >
        <div
          class="circle circle-inner-animated"
        >
          <div
            class="circle water-fill"
          />
          <div
            class="absolute"
          >
            <h4
              class="text-night-black dark:text-max-white font-headings font-semibold sm:text-2xl md:text-5xl text-night-black"
            >
              C
            </h4>
          </div>
        </div>
      </div>
    </div>
    <div
      class="water-drops"
    />
    <div
      class="water-drops two"
    />
    <div
      class="water-drops three"
    />
  </div>
</DocumentFragment>
`;
