// Jest Snapshot v1, https://goo.gl/fbAQLP

exports[`renders multiple series of lessons in a vertical node format 1`] = `
<div>
  <div
    class=" grid  gap-16  p-2 relative h-full sm:grid-cols-3"
  >
    <div
      class=" grid  gap-4  p-2 col-span-1 self-center"
    >
      <h3
        class="text-night-black dark:text-max-white font-headings font-semibold text-2xl sm:text-4xl text-center sm:text-left"
        data-cy="pick-up-left-off-text"
      >
        Start your learning journey
      </h3>
    </div>
    <div
      class=" grid  gap-4  p-2 sm:col-span-2"
    >
      <div
        class=" grid  gap-4  p-2 place-items-center"
      >
        <div
          class=" grid  gap-8  p-2 justify-center items-center"
        >
          <h4
            class="text-night-black dark:text-max-white font-headings font-semibold text-lg sm:text-md text-center"
          >
            Already have an account and you want to pick up where you left off?
          </h4>
          <button
            class="   w-full sm:w-auto cursor-pointer border-2 font-bold leading-none inline-block rounded-lg text-center font-headings relative text-max-white px-6 py-3   bg-hyper-red border-hyper-red dark:bg-hyper-red dark:border-hyper-red"
            data-testid="button"
            type="button"
          >
            <div
              class="bg-hyper-red border-hyper-red dark:bg-hyper-red dark:border-hyper-red rounded-lg absolute left-0 top-0 w-full h-full "
            />
            <span
              class="pointer-events-none relative z-10"
            >
              Yes, log me in
            </span>
          </button>
          <h4
            class="text-night-black dark:text-max-white font-headings font-semibold text-lg sm:text-md text-center"
          >
            If not, you can
          </h4>
          <button
            class=" secondary  w-full sm:w-auto cursor-pointer border-2 font-bold leading-none inline-block rounded-lg text-center font-headings relative text-slate-700 bg-transparent border-slate-700 dark:text-max-white dark:border-max-white active:text-max-white active:bg-slate-700 active:border-slate-700 dark:active:bg-max-white dark:active:border-max-white dark:active:text-night-black px-6 py-3   "
            data-cy="tailor-lesson-button"
            data-testid="button"
            type="button"
          >
            <div
              class="triangle left"
            >
              <div />
            </div>
            <div
              class="triangle right"
            >
              <div />
            </div>
            <span
              class="pointer-events-none relative z-10"
            >
              Tailor my lesson plan
            </span>
          </button>
          <h4
            class="text-night-black dark:text-max-white font-headings font-semibold text-lg sm:text-md text-center"
          >
            or
          </h4>
          <button
            class=" secondary  w-full sm:w-auto cursor-pointer border-2 font-bold leading-none inline-block rounded-lg text-center font-headings relative text-slate-700 bg-transparent border-slate-700 dark:text-max-white dark:border-max-white active:text-max-white active:bg-slate-700 active:border-slate-700 dark:active:bg-max-white dark:active:border-max-white dark:active:text-night-black px-6 py-3   "
            data-cy="start-from-top-button"
            data-testid="button"
            type="button"
          >
            <div
              class="triangle left"
            >
              <div />
            </div>
            <div
              class="triangle right"
            >
              <div />
            </div>
            <span
              class="pointer-events-none relative z-10"
            >
              Just start me off from the top
            </span>
          </button>
        </div>
      </div>
    </div>
    <div
      class=" grid  gap-4  p-2 absolute translate-y-full bottom-4 left-1/4 transition-opacity duration-[3000ms] opacity-0"
    >
      <div
        class=" grid  gap-2  p-2 relative place-items-center"
      >
        <div
          class="scroll-wheel-graphic"
        />
        <p
          class=" text-night-black dark:text-max-white font-body font-body text-sm italic"
        >
          Scroll down to see all modules
        </p>
        <div
          class="absolute top-[300%]"
        />
      </div>
    </div>
  </div>
</div>
`;
